                                                                                                        
                      ☒                    ▓▓▓▓▓▓▓                                                      
 ▓▓ ▓▓▓▓▓▓▓▓▓▓▓                          ☒☒▓iiiii▓                                                     
 ▓aaaaaaaaaaaa▓                          ☒☒▓iiiii▓        ☒☒☒                                          
 ▓aaaa☒▓aaaaaa                             ▓▓▓▓▓i▓        ☒☒☒                                           
 ▓aaa☒☒▓aaaaaa▓      ▓▓▓▓▓▓▓▓                                                                          
 ▓▓▓▓▓▓▓▓▓▓▓▓▓▓      ▓jjjjjj▓jj▓                                             ☒          ▓▓▓▓▓▓▓        
                     ▓jjjjjjjjj▓                                              ☒         ▓eeeee▓         
                     ▓▓▓▓▓▓▓▓▓▓▓                       ▓h▓▓▓▓▓▓▓                        ▓eeeee▓         
     ▓▓b▓▓▓                                            ▓hhhh☒☒h▓                        ▓▓▓▓e▓▓         
     ▓bbbb▓   ▓▓▓▓▓▓▓▓▓▓▓                              ▓hhhhhhhh                           eee          
     ▓bbbb▓   ▓ccccccccc▓            ▓▓▓▓▓▓▓▓▓         ▓hhhhhhh▓               ▓▓▓▓▓▓▓▓▓▓▓▓▓▓▓▓         
     ▓bbbb▓   ▓cccc☒cccc▓☒           ▓                 ▓▓  ▓▓▓▓▓               ▓dddddddddddddd▓         
     ▓▓▓▓b▓   ▓▓▓▓▓▓cc▓▓▓            ▓       ▓                             gggg▓dddddd☒☒dddddd▓         
     ▓☒☒bb▓        cccc              ▓  ☒ p  ▓                            ggggg▓▓▓▓▓▓▓▓▓▓▓ff▓▓▓         
     ▓bbbbb                          ▓       ▓                            ggggggggg    ffffff           
     ▓bbbb▓                     ▓▓▓▓▓▓▓▓▓▓▓  ▓                    ☒       ggggggggg    ffffff           
     ▓▓▓▓▓▓                     ▓            ▓            ☒   ☒☒           gggggg                       
                                   p  ☒☒     ▓           ☒☒☒     ☒                                      
                                ▓     ☒☒     ▓            ☒☒☒   ☒☒                                      
                   ☒☒           ▓▓▓▓▓▓▓▓▓▓▓▓▓▓           ☒ ☒                                            
                  ☒                                           ☒                                         
